// Vitest Snapshot v1, https://vitest.dev/guide/snapshot.html

exports[`InsightList > matches snapshot 1`] = `
<div>
  <div>
    <div
      class="flex justify-between items-center mb-4"
    >
      <h2
        class="text-xl font-semibold text-gray-900"
      >
        İçgörüler
      </h2>
      <div
        class="flex items-center gap-4"
      >
        <select
          class="rounded-md border border-gray-300 text-sm"
        >
          <option
            value="all"
          >
            Tüm Kategoriler
          </option>
          <option
            value="PHYSICAL"
          >
            Fiziksel Aktivite
          </option>
          <option
            value="MENTAL"
          >
            Zihinsel Sağlık
          </option>
          <option
            value="NUTRITION"
          >
            Beslenme
          </option>
          <option
            value="SLEEP"
          >
            Uyku
          </option>
          <option
            value="undefined"
          >
            Sosyal Etkileşim
          </option>
          <option
            value="HEALTH"
          >
            Genel Sağlık
          </option>
        </select>
        <button
          class="justify-center whitespace-nowrap text-sm font-medium ring-offset-background transition-colors focus-visible:outline-none focus-visible:ring-2 focus-visible:ring-ring focus-visible:ring-offset-2 disabled:pointer-events-none disabled:opacity-50 border border-input bg-background hover:bg-accent hover:text-accent-foreground h-9 rounded-md px-3 flex items-center gap-2"
        >
          <svg
            aria-hidden="true"
            class="lucide lucide-download w-4 h-4"
            fill="none"
            height="24"
            stroke="currentColor"
            stroke-linecap="round"
            stroke-linejoin="round"
            stroke-width="2"
            viewBox="0 0 24 24"
            width="24"
            xmlns="http://www.w3.org/2000/svg"
          >
            <path
              d="M12 15V3"
            />
            <path
              d="M21 15v4a2 2 0 0 1-2 2H5a2 2 0 0 1-2-2v-4"
            />
            <path
              d="m7 10 5 5 5-5"
            />
          </svg>
          CSV İndir
        </button>
      </div>
    </div>
    <div
      class="space-y-4"
    >
      <article
        aria-label="Test message 1"
        class="relative bg-white rounded-lg shadow-lg p-4 mb-4"
        dir="ltr"
        role="article"
      >
        <div
          class="flex items-start justify-between"
        >
          <div
            class="flex items-center"
          >
            <span
              aria-hidden="true"
              class="text-xl p-2 rounded-full mr-3 text-green-500"
              data-testid="insight-icon-success"
            >
              ✓
            </span>
            <div>
              <p
                class="text-gray-900 font-medium"
              >
                Test message 1
              </p>
              <div
                class="mt-1 flex items-center text-xs text-gray-500"
              >
                <span>
                  Fiziksel Aktivite
                </span>
                <span
                  class="mx-2"
                >
                  •
                </span>
                <span>
                  25 Mayıs
                </span>
              </div>
            </div>
          </div>
          <button
            aria-label="Kapat"
            class="text-gray-400 hover:text-gray-600"
            tabindex="0"
            type="button"
          >
            ✕
          </button>
        </div>
        <div
          class="mt-3"
        >
          <h3
            class="text-xs font-medium text-gray-900 mb-1"
          >
            İlgili Metrikler
          </h3>
          <div
            class="flex flex-wrap gap-2"
          >
            <span
              class="inline-flex items-center px-2 py-1 rounded-full text-xs font-medium bg-gray-200 text-gray-900"
            >
              Steps
            </span>
            <span
              class="inline-flex items-center px-2 py-1 rounded-full text-xs font-medium bg-gray-200 text-gray-900"
            >
              Distance
            </span>
          </div>
        </div>
        <div
          class="mt-3"
        >
          <button
            aria-label="View details"
            class="inline-flex items-center justify-center whitespace-nowrap rounded-md text-sm font-medium ring-offset-background transition-colors focus-visible:outline-none focus-visible:ring-2 focus-visible:ring-ring focus-visible:ring-offset-2 disabled:pointer-events-none disabled:opacity-50 h-10 px-4 py-2 w-full bg-blue-700 text-white hover:bg-blue-800"
            tabindex="0"
          >
            View details
          </button>
        </div>
      </article>
      <article
        aria-label="Test message 2"
        class="relative bg-white rounded-lg shadow-lg p-4 mb-4"
        dir="ltr"
        role="article"
      >
        <div
          class="flex items-start justify-between"
        >
          <div
            class="flex items-center"
          >
            <span
              aria-hidden="true"
              class="text-xl p-2 rounded-full mr-3 text-yellow-500"
              data-testid="insight-icon-warning"
            >
              ⚠
            </span>
            <div>
              <p
                class="text-gray-900 font-medium"
              >
                Test message 2
              </p>
              <div
                class="mt-1 flex items-center text-xs text-gray-500"
              >
                <span>
                  Beslenme
                </span>
                <span
                  class="mx-2"
                >
                  •
                </span>
                <span>
                  25 Mayıs
                </span>
              </div>
            </div>
          </div>
          <button
            aria-label="Kapat"
            class="text-gray-400 hover:text-gray-600"
            tabindex="0"
            type="button"
          >
            ✕
          </button>
        </div>
        <div
          class="mt-3"
        >
          <h3
            class="text-xs font-medium text-gray-900 mb-1"
          >
            İlgili Metrikler
          </h3>
          <div
            class="flex flex-wrap gap-2"
          >
            <span
              class="inline-flex items-center px-2 py-1 rounded-full text-xs font-medium bg-gray-200 text-gray-900"
            >
              Steps
            </span>
            <span
              class="inline-flex items-center px-2 py-1 rounded-full text-xs font-medium bg-gray-200 text-gray-900"
            >
              Distance
            </span>
          </div>
        </div>
        <div
          class="mt-3"
        >
          <button
            aria-label="View details"
            class="inline-flex items-center justify-center whitespace-nowrap rounded-md text-sm font-medium ring-offset-background transition-colors focus-visible:outline-none focus-visible:ring-2 focus-visible:ring-ring focus-visible:ring-offset-2 disabled:pointer-events-none disabled:opacity-50 h-10 px-4 py-2 w-full bg-blue-700 text-white hover:bg-blue-800"
            tabindex="0"
          >
            View details
          </button>
        </div>
      </article>
      <article
        aria-label="Test message 3"
        class="relative bg-white rounded-lg shadow-lg p-4 mb-4"
        dir="ltr"
        role="article"
      >
        <div
          class="flex items-start justify-between"
        >
          <div
            class="flex items-center"
          >
            <span
              aria-hidden="true"
              class="text-xl p-2 rounded-full mr-3 text-red-500"
              data-testid="insight-icon-error"
            >
              ⚠
            </span>
            <div>
              <p
                class="text-gray-900 font-medium"
              >
                Test message 3
              </p>
              <div
                class="mt-1 flex items-center text-xs text-gray-500"
              >
                <span>
                  Uyku
                </span>
                <span
                  class="mx-2"
                >
                  •
                </span>
                <span>
                  25 Mayıs
                </span>
              </div>
            </div>
          </div>
          <button
            aria-label="Kapat"
            class="text-gray-400 hover:text-gray-600"
            tabindex="0"
            type="button"
          >
            ✕
          </button>
        </div>
        <div
          class="mt-3"
        >
          <h3
            class="text-xs font-medium text-gray-900 mb-1"
          >
            İlgili Metrikler
          </h3>
          <div
            class="flex flex-wrap gap-2"
          >
            <span
              class="inline-flex items-center px-2 py-1 rounded-full text-xs font-medium bg-gray-200 text-gray-900"
            >
              Steps
            </span>
            <span
              class="inline-flex items-center px-2 py-1 rounded-full text-xs font-medium bg-gray-200 text-gray-900"
            >
              Distance
            </span>
          </div>
        </div>
        <div
          class="mt-3"
        >
          <button
            aria-label="View details"
            class="inline-flex items-center justify-center whitespace-nowrap rounded-md text-sm font-medium ring-offset-background transition-colors focus-visible:outline-none focus-visible:ring-2 focus-visible:ring-ring focus-visible:ring-offset-2 disabled:pointer-events-none disabled:opacity-50 h-10 px-4 py-2 w-full bg-blue-700 text-white hover:bg-blue-800"
            tabindex="0"
          >
            View details
          </button>
        </div>
      </article>
      <article
        aria-label="Test message 4"
        class="relative bg-white rounded-lg shadow-lg p-4 mb-4"
        dir="ltr"
        role="article"
      >
        <div
          class="flex items-start justify-between"
        >
          <div
            class="flex items-center"
          >
            <span
              aria-hidden="true"
              class="text-xl p-2 rounded-full mr-3 text-green-500"
              data-testid="insight-icon-success"
            >
              ✓
            </span>
            <div>
              <p
                class="text-gray-900 font-medium"
              >
                Test message 4
              </p>
              <div
                class="mt-1 flex items-center text-xs text-gray-500"
              >
                <span>
                  Zihinsel Sağlık
                </span>
                <span
                  class="mx-2"
                >
                  •
                </span>
                <span>
                  25 Mayıs
                </span>
              </div>
            </div>
          </div>
          <button
            aria-label="Kapat"
            class="text-gray-400 hover:text-gray-600"
            tabindex="0"
            type="button"
          >
            ✕
          </button>
        </div>
        <div
          class="mt-3"
        >
          <h3
            class="text-xs font-medium text-gray-900 mb-1"
          >
            İlgili Metrikler
          </h3>
          <div
            class="flex flex-wrap gap-2"
          >
            <span
              class="inline-flex items-center px-2 py-1 rounded-full text-xs font-medium bg-gray-200 text-gray-900"
            >
              Steps
            </span>
            <span
              class="inline-flex items-center px-2 py-1 rounded-full text-xs font-medium bg-gray-200 text-gray-900"
            >
              Distance
            </span>
          </div>
        </div>
        <div
          class="mt-3"
        >
          <button
            aria-label="View details"
            class="inline-flex items-center justify-center whitespace-nowrap rounded-md text-sm font-medium ring-offset-background transition-colors focus-visible:outline-none focus-visible:ring-2 focus-visible:ring-ring focus-visible:ring-offset-2 disabled:pointer-events-none disabled:opacity-50 h-10 px-4 py-2 w-full bg-blue-700 text-white hover:bg-blue-800"
            tabindex="0"
          >
            View details
          </button>
        </div>
      </article>
    </div>
  </div>
</div>
`;
